tests/tests-develop/VMTests/vmArithmeticTest/add0.json
tests/tests-develop/VMTests/vmArithmeticTest/add1.json
tests/tests-develop/VMTests/vmArithmeticTest/add2.json
tests/tests-develop/VMTests/vmArithmeticTest/add3.json
tests/tests-develop/VMTests/vmArithmeticTest/addmod0.json
tests/tests-develop/VMTests/vmArithmeticTest/addmod1_overflow2.json
tests/tests-develop/VMTests/vmArithmeticTest/addmod2.json
tests/tests-develop/VMTests/vmArithmeticTest/addmod3.json
tests/tests-develop/VMTests/vmArithmeticTest/addmod3_0.json
tests/tests-develop/VMTests/vmArithmeticTest/addmodDivByZero.json
tests/tests-develop/VMTests/vmArithmeticTest/addmodDivByZero1.json
tests/tests-develop/VMTests/vmArithmeticTest/addmodDivByZero2.json
tests/tests-develop/VMTests/vmArithmeticTest/arith1.json
tests/tests-develop/VMTests/vmArithmeticTest/divByNonZero1.json
tests/tests-develop/VMTests/vmArithmeticTest/divByNonZero3.json
tests/tests-develop/VMTests/vmArithmeticTest/divByZero_2.json
tests/tests-develop/VMTests/vmArithmeticTest/exp0.json
tests/tests-develop/VMTests/vmArithmeticTest/exp1.json
tests/tests-develop/VMTests/vmArithmeticTest/exp2.json
tests/tests-develop/VMTests/vmArithmeticTest/exp3.json
tests/tests-develop/VMTests/vmArithmeticTest/exp5.json
tests/tests-develop/VMTests/vmArithmeticTest/exp6.json
tests/tests-develop/VMTests/vmArithmeticTest/expPowerOf256Of256_0.json
tests/tests-develop/VMTests/vmArithmeticTest/expPowerOf256Of256_11.json
tests/tests-develop/VMTests/vmArithmeticTest/expPowerOf256Of256_12.json
tests/tests-develop/VMTests/vmArithmeticTest/expPowerOf256Of256_13.json
tests/tests-develop/VMTests/vmArithmeticTest/expPowerOf256Of256_15.json
tests/tests-develop/VMTests/vmArithmeticTest/expPowerOf256Of256_16.json
tests/tests-develop/VMTests/vmArithmeticTest/expPowerOf256Of256_18.json
tests/tests-develop/VMTests/vmArithmeticTest/expPowerOf256Of256_19.json
tests/tests-develop/VMTests/vmArithmeticTest/expPowerOf256Of256_2.json
tests/tests-develop/VMTests/vmArithmeticTest/expPowerOf256Of256_20.json
tests/tests-develop/VMTests/vmArithmeticTest/expPowerOf256Of256_21.json
tests/tests-develop/VMTests/vmArithmeticTest/expPowerOf256Of256_25.json
tests/tests-develop/VMTests/vmArithmeticTest/expPowerOf256Of256_26.json
tests/tests-develop/VMTests/vmArithmeticTest/expPowerOf256Of256_29.json
tests/tests-develop/VMTests/vmArithmeticTest/expPowerOf256Of256_30.json
tests/tests-develop/VMTests/vmArithmeticTest/expPowerOf256Of256_32.json
tests/tests-develop/VMTests/vmArithmeticTest/expPowerOf256Of256_33.json
tests/tests-develop/VMTests/vmArithmeticTest/expPowerOf256Of256_4.json
tests/tests-develop/VMTests/vmArithmeticTest/expPowerOf256Of256_7.json
tests/tests-develop/VMTests/vmArithmeticTest/expPowerOf256Of256_8.json
tests/tests-develop/VMTests/vmArithmeticTest/expPowerOf256Of256_9.json
tests/tests-develop/VMTests/vmArithmeticTest/expPowerOf256_12.json
tests/tests-develop/VMTests/vmArithmeticTest/expPowerOf256_18.json
tests/tests-develop/VMTests/vmArithmeticTest/expPowerOf256_20.json
tests/tests-develop/VMTests/vmArithmeticTest/expPowerOf256_22.json
tests/tests-develop/VMTests/vmArithmeticTest/expPowerOf256_23.json
tests/tests-develop/VMTests/vmArithmeticTest/expPowerOf256_24.json
tests/tests-develop/VMTests/vmArithmeticTest/expPowerOf256_25.json
tests/tests-develop/VMTests/vmArithmeticTest/expPowerOf256_3.json
tests/tests-develop/VMTests/vmArithmeticTest/expPowerOf256_33.json
tests/tests-develop/VMTests/vmArithmeticTest/expPowerOf256_4.json
tests/tests-develop/VMTests/vmArithmeticTest/expPowerOf256_7.json
tests/tests-develop/VMTests/vmArithmeticTest/expPowerOf256_8.json
tests/tests-develop/VMTests/vmArithmeticTest/expPowerOf256_9.json
tests/tests-develop/VMTests/vmArithmeticTest/expPowerOf2_16.json
tests/tests-develop/VMTests/vmArithmeticTest/expPowerOf2_2.json
tests/tests-develop/VMTests/vmArithmeticTest/expPowerOf2_256.json
tests/tests-develop/VMTests/vmArithmeticTest/expPowerOf2_32.json
tests/tests-develop/VMTests/vmArithmeticTest/expPowerOf2_4.json
tests/tests-develop/VMTests/vmArithmeticTest/expPowerOf2_64.json
tests/tests-develop/VMTests/vmArithmeticTest/expXY.json
tests/tests-develop/VMTests/vmArithmeticTest/expXY_success.json
tests/tests-develop/VMTests/vmArithmeticTest/fibbonacci_unrolled.json
tests/tests-develop/VMTests/vmArithmeticTest/mod1.json
tests/tests-develop/VMTests/vmArithmeticTest/mod3.json
tests/tests-develop/VMTests/vmArithmeticTest/modByZero.json
tests/tests-develop/VMTests/vmArithmeticTest/mul2.json
tests/tests-develop/VMTests/vmArithmeticTest/mul3.json
tests/tests-develop/VMTests/vmArithmeticTest/mul5.json
tests/tests-develop/VMTests/vmArithmeticTest/mul7.json
tests/tests-develop/VMTests/vmArithmeticTest/mulUnderFlow.json
tests/tests-develop/VMTests/vmArithmeticTest/mulmod0.json
tests/tests-develop/VMTests/vmArithmeticTest/mulmod1.json
tests/tests-develop/VMTests/vmArithmeticTest/mulmod1_overflow3.json
tests/tests-develop/VMTests/vmArithmeticTest/mulmod2.json
tests/tests-develop/VMTests/vmArithmeticTest/mulmod2_0.json
tests/tests-develop/VMTests/vmArithmeticTest/mulmod3.json
tests/tests-develop/VMTests/vmArithmeticTest/mulmod4.json
tests/tests-develop/VMTests/vmArithmeticTest/mulmoddivByZero1.json
tests/tests-develop/VMTests/vmArithmeticTest/mulmoddivByZero2.json
tests/tests-develop/VMTests/vmArithmeticTest/mulmoddivByZero3.json
tests/tests-develop/VMTests/vmArithmeticTest/sdiv1.json
tests/tests-develop/VMTests/vmArithmeticTest/sdiv2.json
tests/tests-develop/VMTests/vmArithmeticTest/sdiv3.json
tests/tests-develop/VMTests/vmArithmeticTest/sdiv6.json
tests/tests-develop/VMTests/vmArithmeticTest/sdiv8.json
tests/tests-develop/VMTests/vmArithmeticTest/sdiv9.json
tests/tests-develop/VMTests/vmArithmeticTest/sdivByZero0.json
tests/tests-develop/VMTests/vmArithmeticTest/sdivByZero1.json
tests/tests-develop/VMTests/vmArithmeticTest/sdivByZero2.json
tests/tests-develop/VMTests/vmArithmeticTest/sdiv_dejavu.json
tests/tests-develop/VMTests/vmArithmeticTest/signextendInvalidByteNumber.json
tests/tests-develop/VMTests/vmArithmeticTest/signextend_00.json
tests/tests-develop/VMTests/vmArithmeticTest/signextend_0_BigByte.json
tests/tests-develop/VMTests/vmArithmeticTest/signextend_BigByte_0.json
tests/tests-develop/VMTests/vmArithmeticTest/signextend_BitIsSetInHigherByte.json
tests/tests-develop/VMTests/vmArithmeticTest/signextend_bigBytePlus1.json
tests/tests-develop/VMTests/vmArithmeticTest/smod0.json
tests/tests-develop/VMTests/vmArithmeticTest/smod2.json
tests/tests-develop/VMTests/vmArithmeticTest/smod3.json
tests/tests-develop/VMTests/vmArithmeticTest/smod5.json
tests/tests-develop/VMTests/vmArithmeticTest/smod7.json
tests/tests-develop/VMTests/vmArithmeticTest/smod8_byZero.json
tests/tests-develop/VMTests/vmArithmeticTest/smod_i256min2.json
tests/tests-develop/VMTests/vmArithmeticTest/sub0.json
tests/tests-develop/VMTests/vmArithmeticTest/sub3.json
tests/tests-develop/VMTests/vmArithmeticTest/sub4.json
tests/tests-develop/VMTests/vmBlockInfoTest/blockhashNotExistingBlock.json
tests/tests-develop/VMTests/vmBlockInfoTest/blockhashUnderFlow.json
tests/tests-develop/VMTests/vmBlockInfoTest/coinbase.json
tests/tests-develop/VMTests/vmBlockInfoTest/difficulty.json
tests/tests-develop/VMTests/vmBlockInfoTest/gaslimit.json
tests/tests-develop/VMTests/vmBlockInfoTest/number.json
tests/tests-develop/VMTests/vmBlockInfoTest/timestamp.json
tests/tests-develop/VMTests/vmEnvironmentalInfoTest/ExtCodeSizeAddressInputTooBigLeftMyAddress.json
tests/tests-develop/VMTests/vmEnvironmentalInfoTest/ExtCodeSizeAddressInputTooBigRightMyAddress.json
tests/tests-develop/VMTests/vmEnvironmentalInfoTest/address0.json
tests/tests-develop/VMTests/vmEnvironmentalInfoTest/address1.json
tests/tests-develop/VMTests/vmEnvironmentalInfoTest/balance0.json
tests/tests-develop/VMTests/vmEnvironmentalInfoTest/balance01.json
tests/tests-develop/VMTests/vmEnvironmentalInfoTest/balance1.json
tests/tests-develop/VMTests/vmEnvironmentalInfoTest/balanceAddressInputTooBig.json
tests/tests-develop/VMTests/vmEnvironmentalInfoTest/balanceAddressInputTooBigLeftMyAddress.json
tests/tests-develop/VMTests/vmEnvironmentalInfoTest/balanceAddressInputTooBigRightMyAddress.json
tests/tests-develop/VMTests/vmEnvironmentalInfoTest/balanceCaller3.json
tests/tests-develop/VMTests/vmEnvironmentalInfoTest/calldatacopy0.json
tests/tests-develop/VMTests/vmEnvironmentalInfoTest/calldatacopy0_return.json
tests/tests-develop/VMTests/vmEnvironmentalInfoTest/calldatacopy1.json
tests/tests-develop/VMTests/vmEnvironmentalInfoTest/calldatacopy2.json
tests/tests-develop/VMTests/vmEnvironmentalInfoTest/calldatacopy2_return.json
tests/tests-develop/VMTests/vmEnvironmentalInfoTest/calldatacopyUnderFlow.json
tests/tests-develop/VMTests/vmEnvironmentalInfoTest/calldatacopyZeroMemExpansion.json
tests/tests-develop/VMTests/vmEnvironmentalInfoTest/calldatacopyZeroMemExpansion_return.json
tests/tests-develop/VMTests/vmEnvironmentalInfoTest/calldatacopy_DataIndexTooHigh.json
tests/tests-develop/VMTests/vmEnvironmentalInfoTest/calldatacopy_DataIndexTooHigh2.json
tests/tests-develop/VMTests/vmEnvironmentalInfoTest/calldatacopy_DataIndexTooHigh2_return.json
tests/tests-develop/VMTests/vmEnvironmentalInfoTest/calldatacopy_DataIndexTooHigh_return.json
tests/tests-develop/VMTests/vmEnvironmentalInfoTest/calldatacopy_sec.json
tests/tests-develop/VMTests/vmEnvironmentalInfoTest/calldataload0.json
tests/tests-develop/VMTests/vmEnvironmentalInfoTest/calldataload1.json
tests/tests-develop/VMTests/vmEnvironmentalInfoTest/calldataload2.json
tests/tests-develop/VMTests/vmEnvironmentalInfoTest/calldataloadSizeTooHigh.json
tests/tests-develop/VMTests/vmEnvironmentalInfoTest/calldataloadSizeTooHighPartial.json
tests/tests-develop/VMTests/vmEnvironmentalInfoTest/calldataload_BigOffset.json
tests/tests-develop/VMTests/vmEnvironmentalInfoTest/calldatasize0.json
tests/tests-develop/VMTests/vmEnvironmentalInfoTest/calldatasize1.json
tests/tests-develop/VMTests/vmEnvironmentalInfoTest/calldatasize2.json
tests/tests-develop/VMTests/vmEnvironmentalInfoTest/caller.json
tests/tests-develop/VMTests/vmEnvironmentalInfoTest/callvalue.json
tests/tests-develop/VMTests/vmEnvironmentalInfoTest/codecopy0.json
tests/tests-develop/VMTests/vmEnvironmentalInfoTest/codecopyZeroMemExpansion.json
tests/tests-develop/VMTests/vmEnvironmentalInfoTest/codecopy_DataIndexTooHigh.json
tests/tests-develop/VMTests/vmEnvironmentalInfoTest/codesize.json
tests/tests-develop/VMTests/vmEnvironmentalInfoTest/extcodecopyZeroMemExpansion.json
tests/tests-develop/VMTests/vmEnvironmentalInfoTest/extcodecopy_DataIndexTooHigh.json
tests/tests-develop/VMTests/vmEnvironmentalInfoTest/extcodesize0.json
tests/tests-develop/VMTests/vmEnvironmentalInfoTest/extcodesize1.json
tests/tests-develop/VMTests/vmEnvironmentalInfoTest/extcodesizeUnderFlow.json
tests/tests-develop/VMTests/vmEnvironmentalInfoTest/gasprice.json
tests/tests-develop/VMTests/vmEnvironmentalInfoTest/origin.json
tests/tests-develop/VMTests/vmIOandFlowOperationsTest/BlockNumberDynamicJump0_AfterJumpdest.json
tests/tests-develop/VMTests/vmIOandFlowOperationsTest/BlockNumberDynamicJump0_AfterJumpdest3.json
tests/tests-develop/VMTests/vmIOandFlowOperationsTest/BlockNumberDynamicJump0_foreverOutOfGas.json
tests/tests-develop/VMTests/vmIOandFlowOperationsTest/BlockNumberDynamicJump0_jumpdest0.json
tests/tests-develop/VMTests/vmIOandFlowOperationsTest/BlockNumberDynamicJump0_jumpdest2.json
tests/tests-develop/VMTests/vmIOandFlowOperationsTest/BlockNumberDynamicJump0_withoutJumpdest.json
tests/tests-develop/VMTests/vmIOandFlowOperationsTest/BlockNumberDynamicJump1.json
tests/tests-develop/VMTests/vmIOandFlowOperationsTest/BlockNumberDynamicJumpInsidePushWithJumpDest.json
tests/tests-develop/VMTests/vmIOandFlowOperationsTest/BlockNumberDynamicJumpInsidePushWithoutJumpDest.json
tests/tests-develop/VMTests/vmIOandFlowOperationsTest/BlockNumberDynamicJumpi0.json
tests/tests-develop/VMTests/vmIOandFlowOperationsTest/BlockNumberDynamicJumpi1.json
tests/tests-develop/VMTests/vmIOandFlowOperationsTest/BlockNumberDynamicJumpi1_jumpdest.json
tests/tests-develop/VMTests/vmIOandFlowOperationsTest/BlockNumberDynamicJumpiAfterStop.json
tests/tests-develop/VMTests/vmIOandFlowOperationsTest/BlockNumberDynamicJumpiOutsideBoundary.json
tests/tests-develop/VMTests/vmIOandFlowOperationsTest/BlockNumberDynamicJumpifInsidePushWithJumpDest.json
tests/tests-develop/VMTests/vmIOandFlowOperationsTest/BlockNumberDynamicJumpifInsidePushWithoutJumpDest.json
tests/tests-develop/VMTests/vmIOandFlowOperationsTest/DyanmicJump0_outOfBoundary.json
tests/tests-develop/VMTests/vmIOandFlowOperationsTest/DynamicJump0_AfterJumpdest.json
tests/tests-develop/VMTests/vmIOandFlowOperationsTest/DynamicJump0_AfterJumpdest3.json
tests/tests-develop/VMTests/vmIOandFlowOperationsTest/DynamicJump0_foreverOutOfGas.json
tests/tests-develop/VMTests/vmIOandFlowOperationsTest/DynamicJump0_jumpdest0.json
tests/tests-develop/VMTests/vmIOandFlowOperationsTest/DynamicJump0_jumpdest2.json
tests/tests-develop/VMTests/vmIOandFlowOperationsTest/DynamicJump0_withoutJumpdest.json
tests/tests-develop/VMTests/vmIOandFlowOperationsTest/DynamicJump1.json
tests/tests-develop/VMTests/vmIOandFlowOperationsTest/DynamicJumpAfterStop.json
tests/tests-develop/VMTests/vmIOandFlowOperationsTest/DynamicJumpInsidePushWithJumpDest.json
tests/tests-develop/VMTests/vmIOandFlowOperationsTest/DynamicJumpInsidePushWithoutJumpDest.json
tests/tests-develop/VMTests/vmIOandFlowOperationsTest/DynamicJumpJD_DependsOnJumps0.json
tests/tests-develop/VMTests/vmIOandFlowOperationsTest/DynamicJumpJD_DependsOnJumps1.json
tests/tests-develop/VMTests/vmIOandFlowOperationsTest/DynamicJumpPathologicalTest0.json
tests/tests-develop/VMTests/vmIOandFlowOperationsTest/DynamicJumpPathologicalTest1.json
tests/tests-develop/VMTests/vmIOandFlowOperationsTest/DynamicJumpPathologicalTest2.json
tests/tests-develop/VMTests/vmIOandFlowOperationsTest/DynamicJumpPathologicalTest3.json
tests/tests-develop/VMTests/vmIOandFlowOperationsTest/DynamicJumpStartWithJumpDest.json
tests/tests-develop/VMTests/vmIOandFlowOperationsTest/DynamicJump_value1.json
tests/tests-develop/VMTests/vmIOandFlowOperationsTest/DynamicJump_value2.json
tests/tests-develop/VMTests/vmIOandFlowOperationsTest/DynamicJump_value3.json
tests/tests-develop/VMTests/vmIOandFlowOperationsTest/DynamicJump_valueUnderflow.json
tests/tests-develop/VMTests/vmIOandFlowOperationsTest/DynamicJumpi0.json
tests/tests-develop/VMTests/vmIOandFlowOperationsTest/DynamicJumpi1.json
tests/tests-develop/VMTests/vmIOandFlowOperationsTest/DynamicJumpi1_jumpdest.json
tests/tests-develop/VMTests/vmIOandFlowOperationsTest/DynamicJumpiAfterStop.json
tests/tests-develop/VMTests/vmIOandFlowOperationsTest/DynamicJumpiOutsideBoundary.json
tests/tests-develop/VMTests/vmIOandFlowOperationsTest/DynamicJumpifInsidePushWithJumpDest.json
tests/tests-develop/VMTests/vmIOandFlowOperationsTest/DynamicJumpifInsidePushWithoutJumpDest.json
tests/tests-develop/VMTests/vmIOandFlowOperationsTest/JDfromStorageDynamicJump0_AfterJumpdest.json
tests/tests-develop/VMTests/vmIOandFlowOperationsTest/JDfromStorageDynamicJump0_AfterJumpdest3.json
tests/tests-develop/VMTests/vmIOandFlowOperationsTest/JDfromStorageDynamicJump0_foreverOutOfGas.json
tests/tests-develop/VMTests/vmIOandFlowOperationsTest/JDfromStorageDynamicJump0_jumpdest0.json
tests/tests-develop/VMTests/vmIOandFlowOperationsTest/JDfromStorageDynamicJump0_jumpdest2.json
tests/tests-develop/VMTests/vmIOandFlowOperationsTest/JDfromStorageDynamicJump0_withoutJumpdest.json
tests/tests-develop/VMTests/vmIOandFlowOperationsTest/JDfromStorageDynamicJump1.json
tests/tests-develop/VMTests/vmIOandFlowOperationsTest/JDfromStorageDynamicJumpInsidePushWithJumpDest.json
tests/tests-develop/VMTests/vmIOandFlowOperationsTest/JDfromStorageDynamicJumpInsidePushWithoutJumpDest.json
tests/tests-develop/VMTests/vmIOandFlowOperationsTest/JDfromStorageDynamicJumpi0.json
tests/tests-develop/VMTests/vmIOandFlowOperationsTest/JDfromStorageDynamicJumpi1.json
tests/tests-develop/VMTests/vmIOandFlowOperationsTest/JDfromStorageDynamicJumpi1_jumpdest.json
tests/tests-develop/VMTests/vmIOandFlowOperationsTest/JDfromStorageDynamicJumpiAfterStop.json
tests/tests-develop/VMTests/vmIOandFlowOperationsTest/JDfromStorageDynamicJumpiOutsideBoundary.json
tests/tests-develop/VMTests/vmIOandFlowOperationsTest/JDfromStorageDynamicJumpifInsidePushWithJumpDest.json
tests/tests-develop/VMTests/vmIOandFlowOperationsTest/JDfromStorageDynamicJumpifInsidePushWithoutJumpDest.json
tests/tests-develop/VMTests/vmIOandFlowOperationsTest/bad_indirect_jump1.json
tests/tests-develop/VMTests/vmIOandFlowOperationsTest/bad_indirect_jump2.json
tests/tests-develop/VMTests/vmIOandFlowOperationsTest/byte1.json
tests/tests-develop/VMTests/vmIOandFlowOperationsTest/calldatacopyMemExp.json
tests/tests-develop/VMTests/vmIOandFlowOperationsTest/codecopyMemExp.json
tests/tests-develop/VMTests/vmIOandFlowOperationsTest/deadCode_1.json
tests/tests-develop/VMTests/vmIOandFlowOperationsTest/dupAt51becameMload.json
tests/tests-develop/VMTests/vmIOandFlowOperationsTest/extcodecopyMemExp.json
tests/tests-develop/VMTests/vmIOandFlowOperationsTest/for_loop1.json
tests/tests-develop/VMTests/vmIOandFlowOperationsTest/for_loop2.json
tests/tests-develop/VMTests/vmIOandFlowOperationsTest/gas1.json
tests/tests-develop/VMTests/vmIOandFlowOperationsTest/gasOverFlow.json
tests/tests-develop/VMTests/vmIOandFlowOperationsTest/indirect_jump1.json
tests/tests-develop/VMTests/vmIOandFlowOperationsTest/indirect_jump2.json
tests/tests-develop/VMTests/vmIOandFlowOperationsTest/indirect_jump3.json
tests/tests-develop/VMTests/vmIOandFlowOperationsTest/indirect_jump4.json
tests/tests-develop/VMTests/vmIOandFlowOperationsTest/jump0_AfterJumpdest.json
tests/tests-develop/VMTests/vmIOandFlowOperationsTest/jump0_AfterJumpdest3.json
tests/tests-develop/VMTests/vmIOandFlowOperationsTest/jump0_foreverOutOfGas.json
tests/tests-develop/VMTests/vmIOandFlowOperationsTest/jump0_jumpdest0.json
tests/tests-develop/VMTests/vmIOandFlowOperationsTest/jump0_jumpdest2.json
tests/tests-develop/VMTests/vmIOandFlowOperationsTest/jump0_outOfBoundary.json
tests/tests-develop/VMTests/vmIOandFlowOperationsTest/jump0_withoutJumpdest.json
tests/tests-develop/VMTests/vmIOandFlowOperationsTest/jump1.json
tests/tests-develop/VMTests/vmIOandFlowOperationsTest/jumpAfterStop.json
tests/tests-develop/VMTests/vmIOandFlowOperationsTest/jumpDynamicJumpSameDest.json
tests/tests-develop/VMTests/vmIOandFlowOperationsTest/jumpHigh.json
tests/tests-develop/VMTests/vmIOandFlowOperationsTest/jumpInsidePushWithJumpDest.json
tests/tests-develop/VMTests/vmIOandFlowOperationsTest/jumpInsidePushWithoutJumpDest.json
tests/tests-develop/VMTests/vmIOandFlowOperationsTest/jumpOntoJump.json
tests/tests-develop/VMTests/vmIOandFlowOperationsTest/jumpTo1InstructionafterJump.json
tests/tests-develop/VMTests/vmIOandFlowOperationsTest/jumpTo1InstructionafterJump_jumpdestFirstInstruction.json
tests/tests-develop/VMTests/vmIOandFlowOperationsTest/jumpTo1InstructionafterJump_noJumpDest.json
tests/tests-develop/VMTests/vmIOandFlowOperationsTest/jumpToUint64maxPlus1.json
tests/tests-develop/VMTests/vmIOandFlowOperationsTest/jumpToUintmaxPlus1.json
tests/tests-develop/VMTests/vmIOandFlowOperationsTest/jumpdestBigList.json
tests/tests-develop/VMTests/vmIOandFlowOperationsTest/jumpi0.json
tests/tests-develop/VMTests/vmIOandFlowOperationsTest/jumpi1.json
tests/tests-develop/VMTests/vmIOandFlowOperationsTest/jumpi1_jumpdest.json
tests/tests-develop/VMTests/vmIOandFlowOperationsTest/jumpiAfterStop.json
tests/tests-develop/VMTests/vmIOandFlowOperationsTest/jumpiOutsideBoundary.json
tests/tests-develop/VMTests/vmIOandFlowOperationsTest/jumpiToUint64maxPlus1.json
tests/tests-develop/VMTests/vmIOandFlowOperationsTest/jumpiToUintmaxPlus1.json
tests/tests-develop/VMTests/vmIOandFlowOperationsTest/jumpi_at_the_end.json
tests/tests-develop/VMTests/vmIOandFlowOperationsTest/jumpifInsidePushWithJumpDest.json
tests/tests-develop/VMTests/vmIOandFlowOperationsTest/jumpifInsidePushWithoutJumpDest.json
tests/tests-develop/VMTests/vmIOandFlowOperationsTest/kv1.json
tests/tests-develop/VMTests/vmIOandFlowOperationsTest/log1MemExp.json
tests/tests-develop/VMTests/vmIOandFlowOperationsTest/memory1.json
tests/tests-develop/VMTests/vmIOandFlowOperationsTest/mloadError0.json
tests/tests-develop/VMTests/vmIOandFlowOperationsTest/mloadError1.json
tests/tests-develop/VMTests/vmIOandFlowOperationsTest/mloadMemExp.json
tests/tests-develop/VMTests/vmIOandFlowOperationsTest/mloadOutOfGasError2.json
tests/tests-develop/VMTests/vmIOandFlowOperationsTest/msize0.json
tests/tests-develop/VMTests/vmIOandFlowOperationsTest/msize1.json
tests/tests-develop/VMTests/vmIOandFlowOperationsTest/msize2.json
tests/tests-develop/VMTests/vmIOandFlowOperationsTest/msize3.json
tests/tests-develop/VMTests/vmIOandFlowOperationsTest/mstore0.json
tests/tests-develop/VMTests/vmIOandFlowOperationsTest/mstore1.json
tests/tests-develop/VMTests/vmIOandFlowOperationsTest/mstore8MemExp.json
tests/tests-develop/VMTests/vmIOandFlowOperationsTest/mstore8WordToBigError.json
tests/tests-develop/VMTests/vmIOandFlowOperationsTest/mstore8_0.json
tests/tests-develop/VMTests/vmIOandFlowOperationsTest/mstore8_1.json
tests/tests-develop/VMTests/vmIOandFlowOperationsTest/mstoreMemExp.json
tests/tests-develop/VMTests/vmIOandFlowOperationsTest/mstoreWordToBigError.json
tests/tests-develop/VMTests/vmIOandFlowOperationsTest/mstore_mload0.json
tests/tests-develop/VMTests/vmIOandFlowOperationsTest/pc0.json
tests/tests-develop/VMTests/vmIOandFlowOperationsTest/pc1.json
tests/tests-develop/VMTests/vmIOandFlowOperationsTest/pop0.json
tests/tests-develop/VMTests/vmIOandFlowOperationsTest/pop1.json
tests/tests-develop/VMTests/vmIOandFlowOperationsTest/return1.json
tests/tests-develop/VMTests/vmIOandFlowOperationsTest/return2.json
tests/tests-develop/VMTests/vmIOandFlowOperationsTest/sha3MemExp.json
tests/tests-develop/VMTests/vmIOandFlowOperationsTest/sstore_load_0.json
tests/tests-develop/VMTests/vmIOandFlowOperationsTest/sstore_load_1.json
tests/tests-develop/VMTests/vmIOandFlowOperationsTest/sstore_load_2.json
tests/tests-develop/VMTests/vmIOandFlowOperationsTest/sstore_underflow.json
tests/tests-develop/VMTests/vmIOandFlowOperationsTest/stack_loop.json
tests/tests-develop/VMTests/vmIOandFlowOperationsTest/stackjump1.json
tests/tests-develop/VMTests/vmIOandFlowOperationsTest/swapAt52becameMstore.json
tests/tests-develop/VMTests/vmIOandFlowOperationsTest/when.json
tests/tests-develop/VMTests/vmLogTest/log0_emptyMem.json
tests/tests-develop/VMTests/vmLogTest/log0_logMemStartTooHigh.json
tests/tests-develop/VMTests/vmLogTest/log0_logMemsizeZero.json
tests/tests-develop/VMTests/vmLogTest/log0_nonEmptyMem.json
tests/tests-develop/VMTests/vmLogTest/log0_nonEmptyMem_logMemSize1.json
tests/tests-develop/VMTests/vmLogTest/log0_nonEmptyMem_logMemSize1_logMemStart31.json
tests/tests-develop/VMTests/vmLogTest/log1_Caller.json
tests/tests-develop/VMTests/vmLogTest/log1_MaxTopic.json
tests/tests-develop/VMTests/vmLogTest/log1_emptyMem.json
tests/tests-develop/VMTests/vmLogTest/log1_logMemsizeZero.json
tests/tests-develop/VMTests/vmLogTest/log1_nonEmptyMem.json
tests/tests-develop/VMTests/vmLogTest/log1_nonEmptyMem_logMemSize1.json
tests/tests-develop/VMTests/vmLogTest/log1_nonEmptyMem_logMemSize1_logMemStart31.json
tests/tests-develop/VMTests/vmLogTest/log2_Caller.json
tests/tests-develop/VMTests/vmLogTest/log2_MaxTopic.json
tests/tests-develop/VMTests/vmLogTest/log2_emptyMem.json
tests/tests-develop/VMTests/vmLogTest/log2_logMemStartTooHigh.json
tests/tests-develop/VMTests/vmLogTest/log2_logMemsizeZero.json
tests/tests-develop/VMTests/vmLogTest/log2_nonEmptyMem.json
tests/tests-develop/VMTests/vmLogTest/log2_nonEmptyMem_logMemSize1.json
tests/tests-develop/VMTests/vmLogTest/log2_nonEmptyMem_logMemSize1_logMemStart31.json
tests/tests-develop/VMTests/vmLogTest/log3_Caller.json
tests/tests-develop/VMTests/vmLogTest/log3_MaxTopic.json
tests/tests-develop/VMTests/vmLogTest/log3_PC.json
tests/tests-develop/VMTests/vmLogTest/log3_emptyMem.json
tests/tests-develop/VMTests/vmLogTest/log3_logMemStartTooHigh.json
tests/tests-develop/VMTests/vmLogTest/log3_logMemsizeZero.json
tests/tests-develop/VMTests/vmLogTest/log3_nonEmptyMem.json
tests/tests-develop/VMTests/vmLogTest/log3_nonEmptyMem_logMemSize1.json
tests/tests-develop/VMTests/vmLogTest/log3_nonEmptyMem_logMemSize1_logMemStart31.json
tests/tests-develop/VMTests/vmLogTest/log4_Caller.json
tests/tests-develop/VMTests/vmLogTest/log4_MaxTopic.json
tests/tests-develop/VMTests/vmLogTest/log4_PC.json
tests/tests-develop/VMTests/vmLogTest/log4_emptyMem.json
tests/tests-develop/VMTests/vmLogTest/log4_logMemStartTooHigh.json
tests/tests-develop/VMTests/vmLogTest/log4_logMemsizeZero.json
tests/tests-develop/VMTests/vmLogTest/log4_nonEmptyMem.json
tests/tests-develop/VMTests/vmLogTest/log4_nonEmptyMem_logMemSize1.json
tests/tests-develop/VMTests/vmLogTest/log_2logs.json
tests/tests-develop/VMTests/vmPushDupSwapTest/dup1.json
tests/tests-develop/VMTests/vmPushDupSwapTest/dup10.json
tests/tests-develop/VMTests/vmPushDupSwapTest/dup11.json
tests/tests-develop/VMTests/vmPushDupSwapTest/dup12.json
tests/tests-develop/VMTests/vmPushDupSwapTest/dup13.json
tests/tests-develop/VMTests/vmPushDupSwapTest/dup14.json
tests/tests-develop/VMTests/vmPushDupSwapTest/dup15.json
tests/tests-develop/VMTests/vmPushDupSwapTest/dup16.json
tests/tests-develop/VMTests/vmPushDupSwapTest/dup2.json
tests/tests-develop/VMTests/vmPushDupSwapTest/dup2error.json
tests/tests-develop/VMTests/vmPushDupSwapTest/dup3.json
tests/tests-develop/VMTests/vmPushDupSwapTest/dup4.json
tests/tests-develop/VMTests/vmPushDupSwapTest/dup5.json
tests/tests-develop/VMTests/vmPushDupSwapTest/dup6.json
tests/tests-develop/VMTests/vmPushDupSwapTest/dup7.json
tests/tests-develop/VMTests/vmPushDupSwapTest/dup8.json
tests/tests-develop/VMTests/vmPushDupSwapTest/dup9.json
tests/tests-develop/VMTests/vmPushDupSwapTest/push1.json
tests/tests-develop/VMTests/vmPushDupSwapTest/push10.json
tests/tests-develop/VMTests/vmPushDupSwapTest/push11.json
tests/tests-develop/VMTests/vmPushDupSwapTest/push12.json
tests/tests-develop/VMTests/vmPushDupSwapTest/push13.json
tests/tests-develop/VMTests/vmPushDupSwapTest/push14.json
tests/tests-develop/VMTests/vmPushDupSwapTest/push15.json
tests/tests-develop/VMTests/vmPushDupSwapTest/push16.json
tests/tests-develop/VMTests/vmPushDupSwapTest/push17.json
tests/tests-develop/VMTests/vmPushDupSwapTest/push18.json
tests/tests-develop/VMTests/vmPushDupSwapTest/push19.json
tests/tests-develop/VMTests/vmPushDupSwapTest/push1_missingStack.json
tests/tests-develop/VMTests/vmPushDupSwapTest/push2.json
tests/tests-develop/VMTests/vmPushDupSwapTest/push20.json
tests/tests-develop/VMTests/vmPushDupSwapTest/push21.json
tests/tests-develop/VMTests/vmPushDupSwapTest/push22.json
tests/tests-develop/VMTests/vmPushDupSwapTest/push23.json
tests/tests-develop/VMTests/vmPushDupSwapTest/push24.json
tests/tests-develop/VMTests/vmPushDupSwapTest/push25.json
tests/tests-develop/VMTests/vmPushDupSwapTest/push26.json
tests/tests-develop/VMTests/vmPushDupSwapTest/push27.json
tests/tests-develop/VMTests/vmPushDupSwapTest/push28.json
tests/tests-develop/VMTests/vmPushDupSwapTest/push29.json
tests/tests-develop/VMTests/vmPushDupSwapTest/push3.json
tests/tests-develop/VMTests/vmPushDupSwapTest/push30.json
tests/tests-develop/VMTests/vmPushDupSwapTest/push31.json
tests/tests-develop/VMTests/vmPushDupSwapTest/push32.json
tests/tests-develop/VMTests/vmPushDupSwapTest/push32FillUpInputWithZerosAtTheEnd.json
tests/tests-develop/VMTests/vmPushDupSwapTest/push32Undefined.json
tests/tests-develop/VMTests/vmPushDupSwapTest/push32Undefined2.json
tests/tests-develop/VMTests/vmPushDupSwapTest/push32Undefined3.json
tests/tests-develop/VMTests/vmPushDupSwapTest/push33.json
tests/tests-develop/VMTests/vmPushDupSwapTest/push4.json
tests/tests-develop/VMTests/vmPushDupSwapTest/push5.json
tests/tests-develop/VMTests/vmPushDupSwapTest/push6.json
tests/tests-develop/VMTests/vmPushDupSwapTest/push7.json
tests/tests-develop/VMTests/vmPushDupSwapTest/push8.json
tests/tests-develop/VMTests/vmPushDupSwapTest/push9.json
tests/tests-develop/VMTests/vmPushDupSwapTest/swap1.json
tests/tests-develop/VMTests/vmPushDupSwapTest/swap10.json
tests/tests-develop/VMTests/vmPushDupSwapTest/swap11.json
tests/tests-develop/VMTests/vmPushDupSwapTest/swap12.json
tests/tests-develop/VMTests/vmPushDupSwapTest/swap13.json
tests/tests-develop/VMTests/vmPushDupSwapTest/swap14.json
tests/tests-develop/VMTests/vmPushDupSwapTest/swap15.json
tests/tests-develop/VMTests/vmPushDupSwapTest/swap16.json
tests/tests-develop/VMTests/vmPushDupSwapTest/swap2.json
tests/tests-develop/VMTests/vmPushDupSwapTest/swap2error.json
tests/tests-develop/VMTests/vmPushDupSwapTest/swap3.json
tests/tests-develop/VMTests/vmPushDupSwapTest/swap4.json
tests/tests-develop/VMTests/vmPushDupSwapTest/swap5.json
tests/tests-develop/VMTests/vmPushDupSwapTest/swap6.json
tests/tests-develop/VMTests/vmPushDupSwapTest/swap7.json
tests/tests-develop/VMTests/vmPushDupSwapTest/swap8.json
tests/tests-develop/VMTests/vmPushDupSwapTest/swap9.json
tests/tests-develop/VMTests/vmPushDupSwapTest/swapjump1.json
tests/tests-develop/VMTests/vmSha3Test/sha3_0.json
tests/tests-develop/VMTests/vmSha3Test/sha3_1.json
tests/tests-develop/VMTests/vmSha3Test/sha3_2.json
tests/tests-develop/VMTests/vmSha3Test/sha3_4.json
tests/tests-develop/VMTests/vmSha3Test/sha3_bigOffset.json
tests/tests-develop/VMTests/vmSha3Test/sha3_bigOffset2.json
tests/tests-develop/VMTests/vmSha3Test/sha3_memSizeNoQuadraticCost31.json
tests/tests-develop/VMTests/vmSha3Test/sha3_memSizeQuadraticCost32.json
tests/tests-develop/VMTests/vmSha3Test/sha3_memSizeQuadraticCost32_zeroSize.json
tests/tests-develop/VMTests/vmSha3Test/sha3_memSizeQuadraticCost33.json
tests/tests-develop/VMTests/vmSha3Test/sha3_memSizeQuadraticCost63.json
tests/tests-develop/VMTests/vmSha3Test/sha3_memSizeQuadraticCost64.json
tests/tests-develop/VMTests/vmSha3Test/sha3_memSizeQuadraticCost64_2.json
tests/tests-develop/VMTests/vmSha3Test/sha3_memSizeQuadraticCost65.json
tests/tests-develop/VMTests/vmSystemOperationsTest/ABAcalls0.json
tests/tests-develop/VMTests/vmSystemOperationsTest/ABAcalls1.json
tests/tests-develop/VMTests/vmSystemOperationsTest/ABAcalls2.json
tests/tests-develop/VMTests/vmSystemOperationsTest/ABAcalls3.json
tests/tests-develop/VMTests/vmSystemOperationsTest/ABAcallsSuicide0.json
tests/tests-develop/VMTests/vmSystemOperationsTest/ABAcallsSuicide1.json
tests/tests-develop/VMTests/vmSystemOperationsTest/CallRecursiveBomb0.json
tests/tests-develop/VMTests/vmSystemOperationsTest/CallRecursiveBomb1.json
tests/tests-develop/VMTests/vmSystemOperationsTest/CallRecursiveBomb2.json
tests/tests-develop/VMTests/vmSystemOperationsTest/CallRecursiveBomb3.json
tests/tests-develop/VMTests/vmSystemOperationsTest/CallToNameRegistrator0.json
tests/tests-develop/VMTests/vmSystemOperationsTest/CallToNameRegistratorNotMuchMemory0.json
tests/tests-develop/VMTests/vmSystemOperationsTest/CallToNameRegistratorNotMuchMemory1.json
tests/tests-develop/VMTests/vmSystemOperationsTest/CallToNameRegistratorOutOfGas.json
tests/tests-develop/VMTests/vmSystemOperationsTest/CallToNameRegistratorTooMuchMemory0.json
tests/tests-develop/VMTests/vmSystemOperationsTest/CallToNameRegistratorTooMuchMemory2.json
tests/tests-develop/VMTests/vmSystemOperationsTest/CallToReturn1.json
tests/tests-develop/VMTests/vmSystemOperationsTest/PostToNameRegistrator0.json
tests/tests-develop/VMTests/vmSystemOperationsTest/PostToReturn1.json
tests/tests-develop/VMTests/vmSystemOperationsTest/TestNameRegistrator.json
tests/tests-develop/VMTests/vmSystemOperationsTest/callcodeToNameRegistrator0.json
tests/tests-develop/VMTests/vmSystemOperationsTest/callcodeToReturn1.json
tests/tests-develop/VMTests/vmSystemOperationsTest/callstatelessToNameRegistrator0.json
tests/tests-develop/VMTests/vmSystemOperationsTest/callstatelessToReturn1.json
tests/tests-develop/VMTests/vmSystemOperationsTest/createNameRegistratorOutOfMemoryBonds0.json
tests/tests-develop/VMTests/vmSystemOperationsTest/return0.json
tests/tests-develop/VMTests/vmSystemOperationsTest/return1.json
tests/tests-develop/VMTests/vmSystemOperationsTest/return2.json
tests/tests-develop/VMTests/vmSystemOperationsTest/suicide0.json
tests/tests-develop/VMTests/vmSystemOperationsTest/suicideSendEtherToMe.json
